400 clips in manifest, 400 not yet on disk.
  sized 20/86 tarballs
  sized 40/86 tarballs
  sized 60/86 tarballs
  sized 80/86 tarballs

Projected download: 4.67 GB across 86 tarballs (abort rule: 8 GB).
[  1/86] afemai              12.7 MB  1/1 written
[  2/86] afo                 14.4 MB  3/3 written
[  3/86] afrikaans           45.1 MB  2/2 written
[  4/86] agatu               26.2 MB  2/2 written
[  5/86] akan                17.6 MB  3/3 written
[  6/86] alago               41.6 MB  1/1 written
[  7/86] anaang             110.3 MB  3/3 written
[  8/86] angas               42.0 MB  3/3 written
[  9/86] bagi                27.1 MB  2/2 written
[ 10/86] bajju               57.3 MB  3/3 written
[ 11/86] bassa               50.3 MB  2/2 written
[ 12/86] bekwarra            31.4 MB  3/3 written
[ 13/86] benin               22.3 MB  1/1 written
[ 14/86] berom               78.2 MB  3/3 written
[ 15/86] bini               115.2 MB  3/3 written
[ 16/86] brass               79.4 MB  3/3 written
[ 17/86] delta               34.1 MB  3/3 written
[ 18/86] ebiobo              21.9 MB  3/3 written
[ 19/86] ebira               37.1 MB  9/9 written
[ 20/86] edo                 17.5 MB  1/1 written
[ 21/86] efik                13.3 MB  2/2 written
[ 22/86] eggon              138.8 MB  3/3 written
[ 23/86] ekene               68.9 MB  3/3 written
[ 24/86] eket                23.7 MB  2/2 written
